19:06:21 [0m[34m[INFO] [0mnew_with_settings; settings=Settings { max_messages: 0, time_to_live: 3600s, cache_guilds: true, cache_channels: true, cache_users: true }
19:06:21 [0m[34m[INFO] [0minto_future;
19:06:21 [0m[34m[INFO] [0mrequest; self=Http { client: Client { accepts: Accepts, proxies: [Matcher], referer: true, default_headers: {"accept": "*/*"} }, ratelimiter: Some(Ratelimiter { client: Client { accepts: Accepts, proxies: [Matcher], referer: true, default_headers: {"accept": "*/*"} }, global: Mutex { data: () }, routes: RwLock { data: {} }, token: Secret([REDACTED alloc::string::String]), absolute_ratelimits: false, ratelimit_callback: "Fn(RatelimitInfo)" }), proxy: None, token: Secret([REDACTED alloc::string::String]), application_id: 0, default_allowed_mentions: None } req=Request { body: None, multipart: None, headers: None, method: Get, route: Gateway, params: None }
19:06:21 [0m[34m[INFO] [0mperform; self=Ratelimiter { client: Client { accepts: Accepts, proxies: [Matcher], referer: true, default_headers: {"accept": "*/*"} }, global: Mutex { data: () }, routes: RwLock { data: {} }, token: Secret([REDACTED alloc::string::String]), absolute_ratelimits: false, ratelimit_callback: "Fn(RatelimitInfo)" } req=Request { body: None, multipart: None, headers: None, method: Get, route: Gateway, params: None }
19:06:21 [0m[34m[INFO] [0mpre_hook; self=Ratelimit { limit: 9223372036854775807, remaining: 9223372036854775807, reset: None, reset_after: None } req=Request { body: None, multipart: None, headers: None, method: Get, route: Gateway, params: None }
19:06:21 [0m[34m[INFO] [0mbuild; self=Request { body: None, multipart: None, headers: None, method: Get, route: Gateway, params: None } client=Client { accepts: Accepts, proxies: [Matcher], referer: true, default_headers: {"accept": "*/*"} } proxy=None
19:06:21 [0m[34m[INFO] [0mrunner;
19:06:21 [0m[34m[INFO] [0mpost_hook; self=Ratelimit { limit: 9223372036854775807, remaining: 9223372036854775807, reset: None, reset_after: None } response=Response { url: "https://discord.com/api/v10/gateway", status: 200, headers: {"date": "Tue, 23 Dec 2025 19:06:21 GMT", "content-type": "application/json", "content-length": "35", "connection": "keep-alive", "cf-ray": "9b2a22b9e83bcbda-MAD", "cache-control": "public, max-age=86400, s-maxage=86400", "strict-transport-security": "max-age=31536000; includeSubDomains; preload", "x-discord-features": "bots", "via": "1.1 google", "alt-svc": "h3=\":443\"; ma=86400", "last-modified": "Tue, 23 Dec 2025 07:02:50 GMT", "cf-cache-status": "HIT", "age": "35665", "accept-ranges": "bytes", "report-to": "{\"endpoints\":[{\"url\":\"https:\/\/a.nel.cloudflare.com\/report\/v4?s=WE62iBM3KviW5WsdtehbogfzmpHmnNIonMEwWOKJcoClJzrkD8Wex1pttWDATuJRx1iFNoK4mmt0PD7GAWsGW2cIACLPIwYO5N554X%2BXHs6ILYVtLVAEcqCJowly\"}],\"group\":\"cf-nel\",\"max_age\":604800}", "nel": "{\"success_fraction\":0,\"report_to\":\"cf-nel\",\"max_age\":604800}", "x-content-type-options": "nosniff", "reporting-endpoints": "csp-sentry=\"https://o64374.ingest.sentry.io/api/5441894/security/?sentry_key=8fbbce30bf5244ec9429546beef21870&sentry_environment=stable\"", "content-security-policy": "frame-ancestors 'none'; default-src https://o64374.ingest.sentry.io; report-to csp-sentry; report-uri https://o64374.ingest.sentry.io/api/5441894/security/?sentry_key=8fbbce30bf5244ec9429546beef21870&sentry_environment=stable", "set-cookie": "_cfuvid=iHy2BAzAdyoWAXamUP14TMc46qAmOwBSovO_cuvyF.Y-1766516781123-0.0.1.1-604800000; path=/; domain=.discord.com; HttpOnly; Secure; SameSite=None", "server": "cloudflare"} } req=Request { body: None, multipart: None, headers: None, method: Get, route: Gateway, params: None } absolute_ratelimits=false
19:06:21 [0m[34m[INFO] [0mstart;
19:06:21 [0m[34m[INFO] [0mstart_connection; start_shard=0 end_shard=0 total_shards=1
19:06:21 [0m[34m[INFO] [0mrequest; self=Http { client: Client { accepts: Accepts, proxies: [Matcher], referer: true, default_headers: {"accept": "*/*"} }, ratelimiter: Some(Ratelimiter { client: Client { accepts: Accepts, proxies: [Matcher], referer: true, default_headers: {"accept": "*/*"} }, global: Mutex { data: () }, routes: RwLock { data: {RatelimitingBucket(Some((Discriminant(28), None))): Mutex { data: Ratelimit { limit: 9223372036854775807, remaining: 9223372036854775807, reset: None, reset_after: None } }} }, token: Secret([REDACTED alloc::string::String]), absolute_ratelimits: false, ratelimit_callback: "Fn(RatelimitInfo)" }), proxy: None, token: Secret([REDACTED alloc::string::String]), application_id: 0, default_allowed_mentions: None } req=Request { body: None, multipart: None, headers: None, method: Get, route: UserMe, params: None }
19:06:21 [0m[34m[INFO] [0mperform; self=Ratelimiter { client: Client { accepts: Accepts, proxies: [Matcher], referer: true, default_headers: {"accept": "*/*"} }, global: Mutex { data: () }, routes: RwLock { data: {RatelimitingBucket(Some((Discriminant(28), None))): Mutex { data: Ratelimit { limit: 9223372036854775807, remaining: 9223372036854775807, reset: None, reset_after: None } }} }, token: Secret([REDACTED alloc::string::String]), absolute_ratelimits: false, ratelimit_callback: "Fn(RatelimitInfo)" } req=Request { body: None, multipart: None, headers: None, method: Get, route: UserMe, params: None }
19:06:21 [0m[34m[INFO] [0mpre_hook; self=Ratelimit { limit: 9223372036854775807, remaining: 9223372036854775807, reset: None, reset_after: None } req=Request { body: None, multipart: None, headers: None, method: Get, route: UserMe, params: None }
19:06:21 [0m[34m[INFO] [0mbuild; self=Request { body: None, multipart: None, headers: None, method: Get, route: UserMe, params: None } client=Client { accepts: Accepts, proxies: [Matcher], referer: true, default_headers: {"accept": "*/*"} } proxy=None
19:06:21 [0m[34m[INFO] [0mrun;
19:06:21 [0m[34m[INFO] [0mpost_hook; self=Ratelimit { limit: 9223372036854775807, remaining: 9223372036854775807, reset: None, reset_after: None } response=Response { url: "https://discord.com/api/v10/users/@me", status: 200, headers: {"date": "Tue, 23 Dec 2025 19:06:21 GMT", "content-type": "application/json", "transfer-encoding": "chunked", "connection": "keep-alive", "cf-ray": "9b2a22ba1867cbda-MAD", "set-cookie": "__dcfduid=77e156dce03211f0991f8188e5100a8b; Expires=Sun, 22-Dec-2030 19:06:21 GMT; Max-Age=157680000; Secure; HttpOnly; Path=/; SameSite=Lax", "set-cookie": "__sdcfduid=77e156dce03211f0991f8188e5100a8b960583ba5a9ac24f17330df757bd477d6dd79d7ee55fa2856f3e3e49a1845f64; Expires=Sun, 22-Dec-2030 19:06:21 GMT; Max-Age=157680000; Secure; HttpOnly; Path=/; SameSite=Lax", "set-cookie": "_cfuvid=o.IuNSbdarHMeXkX_frg.ytQopWpi3UJT_IkiZZM8XA-1766516781335-0.0.1.1-604800000; path=/; domain=.discord.com; HttpOnly; Secure; SameSite=None", "strict-transport-security": "max-age=31536000; includeSubDomains; preload", "x-ratelimit-bucket": "78bb8553d9352a5a2f89f9def401287a", "x-ratelimit-limit": "1000", "x-ratelimit-remaining": "999", "x-ratelimit-reset": "1766516781.256", "x-ratelimit-reset-after": "0.001", "x-discord-features": "user-profile", "vary": "Accept-Encoding", "via": "1.1 google", "alt-svc": "h3=\":443\"; ma=86400", "cf-cache-status": "BYPASS", "report-to": "{\"endpoints\":[{\"url\":\"https:\/\/a.nel.cloudflare.com\/report\/v4?s=8dYFqSqwd91WeLBVviSX%2BFeQKFaNGUkiy5cTQ6nkjiy%2FcLgFgVCcKKnZFi5gusfZLgLr60ef4mC4zgCj05%2Fr8Klp6T3LfLRvhgHPe%2BJ27L1%2BGLiA3GHJtPWXYTzC\"}],\"group\":\"cf-nel\",\"max_age\":604800}", "nel": "{\"success_fraction\":0,\"report_to\":\"cf-nel\",\"max_age\":604800}", "x-content-type-options": "nosniff", "reporting-endpoints": "csp-sentry=\"https://o64374.ingest.sentry.io/api/5441894/security/?sentry_key=8fbbce30bf5244ec9429546beef21870&sentry_environment=stable\"", "content-security-policy": "frame-ancestors 'none'; default-src https://o64374.ingest.sentry.io; report-to csp-sentry; report-uri https://o64374.ingest.sentry.io/api/5441894/security/?sentry_key=8fbbce30bf5244ec9429546beef21870&sentry_environment=stable", "server": "cloudflare"} } req=Request { body: None, multipart: None, headers: None, method: Get, route: UserMe, params: None } absolute_ratelimits=false
19:06:21 [0m[34m[INFO] [0mset_shards; index=0 init=1 total=1
19:06:21 [0m[34m[INFO] [0mshutdown_all;
19:06:21 [0m[34m[INFO] [0minitialize;
19:06:21 [0m[34m[INFO] [0mboot; shard_info=[ShardId(0), ShardId(1)]
19:06:21 [0m[34m[INFO] [0mTelling shard queuer to start shard 0
19:06:21 [0m[34m[INFO] [0mchecked_start; id=ShardId(0) total=1
19:06:21 [0m[34m[INFO] [0mcheck_last_start;
19:06:21 [0m[34m[INFO] [0mstart; id=ShardId(0) total=1
19:06:21 [0m[34m[INFO] [0mrun;
19:06:21 [0m[34m[INFO] [0m[ShardRunner ShardInfo { id: ShardId(0), total: 1 }] Running
19:06:21 [0m[34m[INFO] [0mrecv;
19:06:21 [0m[34m[INFO] [0mdo_heartbeat;
19:06:21 [0m[34m[INFO] [0mrecv_event;
19:06:21 [0m[34m[INFO] [0mhandle_event; event=Ok(Hello(41250))
19:06:21 [0m[34m[INFO] [0maction;
19:06:21 [0m[34m[INFO] [0midentify;
19:06:21 [0m[34m[INFO] [0msend_identify; shard=ShardInfo { id: ShardId(0), total: 1 } intents=GatewayIntents(53608189) presence=PresenceData { activity: None, status: Online }
19:06:21 [0m[34m[INFO] [0mrecv;
19:06:21 [0m[34m[INFO] [0mdo_heartbeat;
19:06:21 [0m[34m[INFO] [0mrecv_event;
19:06:21 [0m[34m[INFO] [0mhandle_event; event=Ok(Dispatch(1, Ready(ReadyEvent { ready: Ready { version: 10, user: CurrentUser(User { id: UserId(1453099185476993034), name: "SkianBot", discriminator: Some(5348), global_name: None, avatar: None, bot: true, system: false, mfa_enabled: true, banner: None, accent_colour: None, locale: None, verified: Some(true), email: None, flags: UserPublicFlags(0), premium_type: None, public_flags: None, member: None, primary_guild: None, avatar_decoration_data: None, collectibles: None }), guilds: [], session_id: "e1f3608419e0e1f2c238edf006fdc04c", resume_gateway_url: "wss://gateway-us-east1-c.discord.gg", shard: Some(ShardInfo { id: ShardId(0), total: 1 }), application: PartialCurrentApplicationInfo { id: ApplicationId(1453099185476993034), flags: ApplicationFlags(565248) } } })))
19:06:21 [0m[34m[INFO] [0mhandle_gateway_dispatch; seq=1 event=Ready(ReadyEvent { ready: Ready { version: 10, user: CurrentUser(User { id: UserId(1453099185476993034), name: "SkianBot", discriminator: Some(5348), global_name: None, avatar: None, bot: true, system: false, mfa_enabled: true, banner: None, accent_colour: None, locale: None, verified: Some(true), email: None, flags: UserPublicFlags(0), premium_type: None, public_flags: None, member: None, primary_guild: None, avatar_decoration_data: None, collectibles: None }), guilds: [], session_id: "e1f3608419e0e1f2c238edf006fdc04c", resume_gateway_url: "wss://gateway-us-east1-c.discord.gg", shard: Some(ShardInfo { id: ShardId(0), total: 1 }), application: PartialCurrentApplicationInfo { id: ApplicationId(1453099185476993034), flags: ApplicationFlags(565248) } } })
19:06:21 [0m[34m[INFO] [0mhandle_voice_event; event=Ready(ReadyEvent { ready: Ready { version: 10, user: CurrentUser(User { id: UserId(1453099185476993034), name: "SkianBot", discriminator: Some(5348), global_name: None, avatar: None, bot: true, system: false, mfa_enabled: true, banner: None, accent_colour: None, locale: None, verified: Some(true), email: None, flags: UserPublicFlags(0), premium_type: None, public_flags: None, member: None, primary_guild: None, avatar_decoration_data: None, collectibles: None }), guilds: [], session_id: "e1f3608419e0e1f2c238edf006fdc04c", resume_gateway_url: "wss://gateway-us-east1-c.discord.gg", shard: Some(ShardInfo { id: ShardId(0), total: 1 }), application: PartialCurrentApplicationInfo { id: ApplicationId(1453099185476993034), flags: ApplicationFlags(565248) } } })
19:06:21 [0m[34m[INFO] [0mupdate_manager;
19:06:21 [0m[34m[INFO] [0mlatency;
19:06:21 [0m[34m[INFO] [0mrecv;
19:06:21 [0m[34m[INFO] [0mdo_heartbeat;
19:06:21 [0m[34m[INFO] [0mrecv_event;
SkianBot is connected!
19:06:21 [0m[34m[INFO] [0mdispatch; ctx=Context { shard: ShardMessenger { tx: UnboundedSender { closed: false } }, shard_id: ShardId(0), .. }
19:06:21 [0m[34m[INFO] [0mdispatch; ctx=Context { shard: ShardMessenger { tx: UnboundedSender { closed: false } }, shard_id: ShardId(0), .. }
19:06:22 [0m[34m[INFO] [0mrecv;
19:06:22 [0m[34m[INFO] [0mdo_heartbeat;
19:06:22 [0m[34m[INFO] [0mrecv_event;
19:06:22 [0m[34m[INFO] [0mrecv;
19:06:22 [0m[34m[INFO] [0mdo_heartbeat;
19:06:22 [0m[34m[INFO] [0mrecv_event;
19:06:23 [0m[34m[INFO] [0mrecv;
19:06:23 [0m[34m[INFO] [0mdo_heartbeat;
19:06:23 [0m[34m[INFO] [0mrecv_event;
19:06:23 [0m[34m[INFO] [0mrecv;
19:06:23 [0m[34m[INFO] [0mdo_heartbeat;
19:06:23 [0m[34m[INFO] [0mrecv_event;
19:06:24 [0m[34m[INFO] [0mrecv;
19:06:24 [0m[34m[INFO] [0mdo_heartbeat;
19:06:24 [0m[34m[INFO] [0mrecv_event;
19:06:24 [0m[34m[INFO] [0mrecv;
19:06:24 [0m[34m[INFO] [0mdo_heartbeat;
19:06:24 [0m[34m[INFO] [0mrecv_event;
19:06:25 [0m[34m[INFO] [0mrecv;
19:06:25 [0m[34m[INFO] [0mdo_heartbeat;
19:06:25 [0m[34m[INFO] [0mrecv_event;
19:06:25 [0m[34m[INFO] [0mrecv;
19:06:25 [0m[34m[INFO] [0mdo_heartbeat;
19:06:25 [0m[34m[INFO] [0mrecv_event;
19:06:26 [0m[34m[INFO] [0mrecv;
19:06:26 [0m[34m[INFO] [0mdo_heartbeat;
19:06:26 [0m[34m[INFO] [0mrecv_event;
19:06:26 [0m[34m[INFO] [0mrecv;
19:06:26 [0m[34m[INFO] [0mdo_heartbeat;
19:06:26 [0m[34m[INFO] [0mrecv_event;
19:06:27 [0m[34m[INFO] [0mrecv;
19:06:27 [0m[34m[INFO] [0mdo_heartbeat;
19:06:27 [0m[34m[INFO] [0mrecv_event;
19:06:27 [0m[34m[INFO] [0mrecv;
19:06:27 [0m[34m[INFO] [0mdo_heartbeat;
19:06:27 [0m[34m[INFO] [0mrecv_event;
19:06:28 [0m[34m[INFO] [0mrecv;
19:06:28 [0m[34m[INFO] [0mdo_heartbeat;
19:06:28 [0m[34m[INFO] [0mrecv_event;
19:06:28 [0m[34m[INFO] [0mrecv;
19:06:28 [0m[34m[INFO] [0mdo_heartbeat;
19:06:28 [0m[34m[INFO] [0mrecv_event;
19:06:29 [0m[34m[INFO] [0mrecv;
19:06:29 [0m[34m[INFO] [0mdo_heartbeat;
19:06:29 [0m[34m[INFO] [0mrecv_event;
19:06:29 [0m[34m[INFO] [0mrecv;
19:06:29 [0m[34m[INFO] [0mdo_heartbeat;
19:06:29 [0m[34m[INFO] [0mrecv_event;
19:06:30 [0m[34m[INFO] [0mrecv;
19:06:30 [0m[34m[INFO] [0mdo_heartbeat;
19:06:30 [0m[34m[INFO] [0mrecv_event;
19:06:30 [0m[34m[INFO] [0mrecv;
19:06:30 [0m[34m[INFO] [0mdo_heartbeat;
19:06:30 [0m[34m[INFO] [0mrecv_event;
19:06:31 [0m[34m[INFO] [0mrecv;
19:06:31 [0m[34m[INFO] [0mdo_heartbeat;
19:06:31 [0m[34m[INFO] [0mrecv_event;
19:06:31 [0m[34m[INFO] [0mrecv;
19:06:31 [0m[34m[INFO] [0mdo_heartbeat;
19:06:31 [0m[34m[INFO] [0mrecv_event;
19:06:32 [0m[34m[INFO] [0mrecv;
19:06:32 [0m[34m[INFO] [0mdo_heartbeat;
19:06:32 [0m[34m[INFO] [0mrecv_event;
19:06:32 [0m[34m[INFO] [0mrecv;
19:06:32 [0m[34m[INFO] [0mdo_heartbeat;
19:06:32 [0m[34m[INFO] [0mrecv_event;
19:06:33 [0m[34m[INFO] [0mrecv;
19:06:33 [0m[34m[INFO] [0mdo_heartbeat;
19:06:33 [0m[34m[INFO] [0mrecv_event;
19:06:33 [0m[34m[INFO] [0mrecv;
19:06:33 [0m[34m[INFO] [0mdo_heartbeat;
19:06:33 [0m[34m[INFO] [0mrecv_event;
19:06:34 [0m[34m[INFO] [0mrecv;
19:06:34 [0m[34m[INFO] [0mdo_heartbeat;
19:06:34 [0m[34m[INFO] [0mrecv_event;
19:06:34 [0m[34m[INFO] [0mrecv;
19:06:34 [0m[34m[INFO] [0mdo_heartbeat;
19:06:34 [0m[34m[INFO] [0mrecv_event;
19:06:35 [0m[34m[INFO] [0mrecv;
19:06:35 [0m[34m[INFO] [0mdo_heartbeat;
19:06:35 [0m[34m[INFO] [0mrecv_event;
19:06:35 [0m[34m[INFO] [0mrecv;
19:06:35 [0m[34m[INFO] [0mdo_heartbeat;
19:06:35 [0m[34m[INFO] [0mrecv_event;
19:06:36 [0m[34m[INFO] [0mrecv;
19:06:36 [0m[34m[INFO] [0mdo_heartbeat;
19:06:36 [0m[34m[INFO] [0mrecv_event;
19:06:36 [0m[34m[INFO] [0mrecv;
19:06:36 [0m[34m[INFO] [0mdo_heartbeat;
19:06:36 [0m[34m[INFO] [0mrecv_event;
19:06:37 [0m[34m[INFO] [0mrecv;
19:06:37 [0m[34m[INFO] [0mdo_heartbeat;
19:06:37 [0m[34m[INFO] [0mrecv_event;
19:06:37 [0m[34m[INFO] [0mrecv;
19:06:37 [0m[34m[INFO] [0mdo_heartbeat;
19:06:37 [0m[34m[INFO] [0mrecv_event;
19:06:38 [0m[34m[INFO] [0mrecv;
19:06:38 [0m[34m[INFO] [0mdo_heartbeat;
19:06:38 [0m[34m[INFO] [0mrecv_event;
19:06:38 [0m[34m[INFO] [0mrecv;
19:06:38 [0m[34m[INFO] [0mdo_heartbeat;
19:06:38 [0m[34m[INFO] [0mrecv_event;
19:06:39 [0m[34m[INFO] [0mrecv;
19:06:39 [0m[34m[INFO] [0mdo_heartbeat;
19:06:39 [0m[34m[INFO] [0mrecv_event;
19:06:39 [0m[34m[INFO] [0mrecv;
19:06:39 [0m[34m[INFO] [0mdo_heartbeat;
19:06:39 [0m[34m[INFO] [0mrecv_event;
19:06:40 [0m[34m[INFO] [0mrecv;
19:06:40 [0m[34m[INFO] [0mdo_heartbeat;
19:06:40 [0m[34m[INFO] [0mrecv_event;
19:06:40 [0m[34m[INFO] [0mrecv;
19:06:40 [0m[34m[INFO] [0mdo_heartbeat;
19:06:40 [0m[34m[INFO] [0mrecv_event;
19:06:41 [0m[34m[INFO] [0mrecv;
19:06:41 [0m[34m[INFO] [0mdo_heartbeat;
19:06:41 [0m[34m[INFO] [0mrecv_event;
19:06:41 [0m[34m[INFO] [0mrecv;
19:06:41 [0m[34m[INFO] [0mdo_heartbeat;
19:06:41 [0m[34m[INFO] [0mrecv_event;
19:06:42 [0m[34m[INFO] [0mrecv;
19:06:42 [0m[34m[INFO] [0mdo_heartbeat;
19:06:42 [0m[34m[INFO] [0mrecv_event;
19:06:42 [0m[34m[INFO] [0mrecv;
19:06:42 [0m[34m[INFO] [0mdo_heartbeat;
19:06:42 [0m[34m[INFO] [0mrecv_event;
19:06:43 [0m[34m[INFO] [0mrecv;
19:06:43 [0m[34m[INFO] [0mdo_heartbeat;
19:06:43 [0m[34m[INFO] [0mrecv_event;
19:06:43 [0m[34m[INFO] [0mrecv;
19:06:43 [0m[34m[INFO] [0mdo_heartbeat;
19:06:43 [0m[34m[INFO] [0mrecv_event;
19:06:44 [0m[34m[INFO] [0mrecv;
19:06:44 [0m[34m[INFO] [0mdo_heartbeat;
19:06:44 [0m[34m[INFO] [0mrecv_event;
19:06:44 [0m[34m[INFO] [0mrecv;
19:06:44 [0m[34m[INFO] [0mdo_heartbeat;
19:06:44 [0m[34m[INFO] [0mrecv_event;
19:06:45 [0m[34m[INFO] [0mrecv;
19:06:45 [0m[34m[INFO] [0mdo_heartbeat;
19:06:45 [0m[34m[INFO] [0mrecv_event;
19:06:45 [0m[34m[INFO] [0mrecv;
19:06:45 [0m[34m[INFO] [0mdo_heartbeat;
19:06:45 [0m[34m[INFO] [0mrecv_event;
19:06:46 [0m[34m[INFO] [0mrecv;
19:06:46 [0m[34m[INFO] [0mdo_heartbeat;
19:06:46 [0m[34m[INFO] [0mrecv_event;
19:06:46 [0m[34m[INFO] [0mrecv;
19:06:46 [0m[34m[INFO] [0mdo_heartbeat;
19:06:46 [0m[34m[INFO] [0mrecv_event;
19:06:47 [0m[34m[INFO] [0mrecv;
19:06:47 [0m[34m[INFO] [0mdo_heartbeat;
19:06:47 [0m[34m[INFO] [0mrecv_event;
19:06:47 [0m[34m[INFO] [0mrecv;
19:06:47 [0m[34m[INFO] [0mdo_heartbeat;
19:06:47 [0m[34m[INFO] [0mrecv_event;
19:06:48 [0m[34m[INFO] [0mrecv;
19:06:48 [0m[34m[INFO] [0mdo_heartbeat;
19:06:48 [0m[34m[INFO] [0mrecv_event;
19:06:48 [0m[34m[INFO] [0mrecv;
19:06:48 [0m[34m[INFO] [0mdo_heartbeat;
19:06:48 [0m[34m[INFO] [0mrecv_event;
19:06:49 [0m[34m[INFO] [0mrecv;
19:06:49 [0m[34m[INFO] [0mdo_heartbeat;
19:06:49 [0m[34m[INFO] [0mrecv_event;
19:06:49 [0m[34m[INFO] [0mrecv;
19:06:49 [0m[34m[INFO] [0mdo_heartbeat;
19:06:49 [0m[34m[INFO] [0mrecv_event;
19:06:50 [0m[34m[INFO] [0mrecv;
19:06:50 [0m[34m[INFO] [0mdo_heartbeat;
19:06:50 [0m[34m[INFO] [0mrecv_event;
19:06:50 [0m[34m[INFO] [0mrecv;
19:06:50 [0m[34m[INFO] [0mdo_heartbeat;
19:06:50 [0m[34m[INFO] [0mrecv_event;
19:06:51 [0m[34m[INFO] [0mrecv;
19:06:51 [0m[34m[INFO] [0mdo_heartbeat;
19:06:51 [0m[34m[INFO] [0mrecv_event;
19:06:51 [0m[34m[INFO] [0mrecv;
19:06:51 [0m[34m[INFO] [0mdo_heartbeat;
19:06:51 [0m[34m[INFO] [0mrecv_event;
19:06:52 [0m[34m[INFO] [0mrecv;
19:06:52 [0m[34m[INFO] [0mdo_heartbeat;
19:06:52 [0m[34m[INFO] [0mrecv_event;
19:06:52 [0m[34m[INFO] [0mrecv;
19:06:52 [0m[34m[INFO] [0mdo_heartbeat;
19:06:52 [0m[34m[INFO] [0mrecv_event;
19:06:53 [0m[34m[INFO] [0mrecv;
19:06:53 [0m[34m[INFO] [0mdo_heartbeat;
19:06:53 [0m[34m[INFO] [0mrecv_event;
19:06:53 [0m[34m[INFO] [0mrecv;
19:06:53 [0m[34m[INFO] [0mdo_heartbeat;
19:06:53 [0m[34m[INFO] [0mrecv_event;
19:06:54 [0m[34m[INFO] [0mrecv;
19:06:54 [0m[34m[INFO] [0mdo_heartbeat;
19:06:54 [0m[34m[INFO] [0mrecv_event;
19:06:54 [0m[34m[INFO] [0mrecv;
19:06:54 [0m[34m[INFO] [0mdo_heartbeat;
19:06:54 [0m[34m[INFO] [0mrecv_event;
19:06:55 [0m[34m[INFO] [0mrecv;
19:06:55 [0m[34m[INFO] [0mdo_heartbeat;
19:06:55 [0m[34m[INFO] [0mrecv_event;
19:06:55 [0m[34m[INFO] [0mrecv;
19:06:55 [0m[34m[INFO] [0mdo_heartbeat;
19:06:55 [0m[34m[INFO] [0mrecv_event;
19:06:56 [0m[34m[INFO] [0mrecv;
19:06:56 [0m[34m[INFO] [0mdo_heartbeat;
19:06:56 [0m[34m[INFO] [0mrecv_event;
19:06:56 [0m[34m[INFO] [0mrecv;
19:06:56 [0m[34m[INFO] [0mdo_heartbeat;
19:06:56 [0m[34m[INFO] [0mrecv_event;
19:06:57 [0m[34m[INFO] [0mrecv;
19:06:57 [0m[34m[INFO] [0mdo_heartbeat;
19:06:57 [0m[34m[INFO] [0mrecv_event;
19:06:57 [0m[34m[INFO] [0mrecv;
19:06:57 [0m[34m[INFO] [0mdo_heartbeat;
19:06:57 [0m[34m[INFO] [0mrecv_event;
19:06:58 [0m[34m[INFO] [0mrecv;
19:06:58 [0m[34m[INFO] [0mdo_heartbeat;
19:06:58 [0m[34m[INFO] [0mrecv_event;
19:06:58 [0m[34m[INFO] [0mrecv;
19:06:58 [0m[34m[INFO] [0mdo_heartbeat;
19:06:58 [0m[34m[INFO] [0mrecv_event;
19:06:59 [0m[34m[INFO] [0mrecv;
19:06:59 [0m[34m[INFO] [0mdo_heartbeat;
19:06:59 [0m[34m[INFO] [0mrecv_event;
19:06:59 [0m[34m[INFO] [0mrecv;
19:06:59 [0m[34m[INFO] [0mdo_heartbeat;
19:06:59 [0m[34m[INFO] [0mrecv_event;
19:07:00 [0m[34m[INFO] [0mrecv;
19:07:00 [0m[34m[INFO] [0mdo_heartbeat;
19:07:00 [0m[34m[INFO] [0mrecv_event;
19:07:00 [0m[34m[INFO] [0mrecv;
19:07:00 [0m[34m[INFO] [0mdo_heartbeat;
19:07:00 [0m[34m[INFO] [0mrecv_event;
19:07:01 [0m[34m[INFO] [0mrecv;
19:07:01 [0m[34m[INFO] [0mdo_heartbeat;
19:07:01 [0m[34m[INFO] [0mrecv_event;
19:07:01 [0m[34m[INFO] [0mrecv;
19:07:01 [0m[34m[INFO] [0mdo_heartbeat;
19:07:01 [0m[34m[INFO] [0mrecv_event;
19:07:02 [0m[34m[INFO] [0mrecv;
19:07:02 [0m[34m[INFO] [0mdo_heartbeat;
19:07:02 [0m[34m[INFO] [0mrecv_event;
19:07:02 [0m[34m[INFO] [0mrecv;
19:07:02 [0m[34m[INFO] [0mdo_heartbeat;
19:07:02 [0m[34m[INFO] [0mheartbeat;
19:07:02 [0m[34m[INFO] [0msend_heartbeat; shard_info=ShardInfo { id: ShardId(0), total: 1 } seq=Some(1)
19:07:02 [0m[34m[INFO] [0mrecv_event;
19:07:03 [0m[34m[INFO] [0mhandle_event; event=Ok(HeartbeatAck)
19:07:03 [0m[34m[INFO] [0mupdate_manager;
19:07:03 [0m[34m[INFO] [0mlatency;
19:07:03 [0m[34m[INFO] [0mrecv;
19:07:03 [0m[34m[INFO] [0mdo_heartbeat;
19:07:03 [0m[34m[INFO] [0mrecv_event;
19:07:03 [0m[34m[INFO] [0mrecv;
19:07:03 [0m[34m[INFO] [0mdo_heartbeat;
19:07:03 [0m[34m[INFO] [0mrecv_event;
19:07:04 [0m[34m[INFO] [0mrecv;
19:07:04 [0m[34m[INFO] [0mdo_heartbeat;
19:07:04 [0m[34m[INFO] [0mrecv_event;
19:07:04 [0m[34m[INFO] [0mrecv;
19:07:04 [0m[34m[INFO] [0mdo_heartbeat;
19:07:04 [0m[34m[INFO] [0mrecv_event;
19:07:05 [0m[34m[INFO] [0mrecv;
19:07:05 [0m[34m[INFO] [0mdo_heartbeat;
19:07:05 [0m[34m[INFO] [0mrecv_event;
19:07:05 [0m[34m[INFO] [0mrecv;
19:07:05 [0m[34m[INFO] [0mdo_heartbeat;
19:07:05 [0m[34m[INFO] [0mrecv_event;
19:07:06 [0m[34m[INFO] [0mrecv;
19:07:06 [0m[34m[INFO] [0mdo_heartbeat;
19:07:06 [0m[34m[INFO] [0mrecv_event;
19:07:06 [0m[34m[INFO] [0mrecv;
19:07:06 [0m[34m[INFO] [0mdo_heartbeat;
19:07:06 [0m[34m[INFO] [0mrecv_event;
19:07:07 [0m[34m[INFO] [0mrecv;
19:07:07 [0m[34m[INFO] [0mdo_heartbeat;
19:07:07 [0m[34m[INFO] [0mrecv_event;
19:07:07 [0m[34m[INFO] [0mrecv;
19:07:07 [0m[34m[INFO] [0mdo_heartbeat;
19:07:07 [0m[34m[INFO] [0mrecv_event;
19:07:08 [0m[34m[INFO] [0mrecv;
19:07:08 [0m[34m[INFO] [0mdo_heartbeat;
19:07:08 [0m[34m[INFO] [0mrecv_event;
19:07:08 [0m[34m[INFO] [0mrecv;
19:07:08 [0m[34m[INFO] [0mdo_heartbeat;
19:07:08 [0m[34m[INFO] [0mrecv_event;
19:07:09 [0m[34m[INFO] [0mrecv;
19:07:09 [0m[34m[INFO] [0mdo_heartbeat;
19:07:09 [0m[34m[INFO] [0mrecv_event;
19:07:09 [0m[34m[INFO] [0mrecv;
19:07:09 [0m[34m[INFO] [0mdo_heartbeat;
19:07:09 [0m[34m[INFO] [0mrecv_event;
19:07:10 [0m[34m[INFO] [0mrecv;
19:07:10 [0m[34m[INFO] [0mdo_heartbeat;
19:07:10 [0m[34m[INFO] [0mrecv_event;
19:07:10 [0m[34m[INFO] [0mrecv;
19:07:10 [0m[34m[INFO] [0mdo_heartbeat;
19:07:10 [0m[34m[INFO] [0mrecv_event;
19:07:11 [0m[34m[INFO] [0mrecv;
19:07:11 [0m[34m[INFO] [0mdo_heartbeat;
19:07:11 [0m[34m[INFO] [0mrecv_event;
19:07:11 [0m[34m[INFO] [0mrecv;
19:07:11 [0m[34m[INFO] [0mdo_heartbeat;
19:07:11 [0m[34m[INFO] [0mrecv_event;
19:07:12 [0m[34m[INFO] [0mrecv;
19:07:12 [0m[34m[INFO] [0mdo_heartbeat;
19:07:12 [0m[34m[INFO] [0mrecv_event;
19:07:12 [0m[34m[INFO] [0mrecv;
19:07:12 [0m[34m[INFO] [0mdo_heartbeat;
19:07:12 [0m[34m[INFO] [0mrecv_event;
19:07:13 [0m[34m[INFO] [0mrecv;
19:07:13 [0m[34m[INFO] [0mdo_heartbeat;
19:07:13 [0m[34m[INFO] [0mrecv_event;
19:07:13 [0m[34m[INFO] [0mrecv;
19:07:13 [0m[34m[INFO] [0mdo_heartbeat;
19:07:13 [0m[34m[INFO] [0mrecv_event;
19:07:14 [0m[34m[INFO] [0mrecv;
19:07:14 [0m[34m[INFO] [0mdo_heartbeat;
19:07:14 [0m[34m[INFO] [0mrecv_event;
19:07:14 [0m[34m[INFO] [0mrecv;
19:07:14 [0m[34m[INFO] [0mdo_heartbeat;
19:07:14 [0m[34m[INFO] [0mrecv_event;
19:07:15 [0m[34m[INFO] [0mrecv;
19:07:15 [0m[34m[INFO] [0mdo_heartbeat;
19:07:15 [0m[34m[INFO] [0mrecv_event;
19:07:15 [0m[34m[INFO] [0mrecv;
19:07:15 [0m[34m[INFO] [0mdo_heartbeat;
19:07:15 [0m[34m[INFO] [0mrecv_event;
19:07:16 [0m[34m[INFO] [0mrecv;
19:07:16 [0m[34m[INFO] [0mdo_heartbeat;
19:07:16 [0m[34m[INFO] [0mrecv_event;
19:07:16 [0m[34m[INFO] [0mrecv;
19:07:16 [0m[34m[INFO] [0mdo_heartbeat;
19:07:16 [0m[34m[INFO] [0mrecv_event;
19:07:17 [0m[34m[INFO] [0mrecv;
19:07:17 [0m[34m[INFO] [0mdo_heartbeat;
19:07:17 [0m[34m[INFO] [0mrecv_event;
19:07:17 [0m[34m[INFO] [0mrecv;
19:07:17 [0m[34m[INFO] [0mdo_heartbeat;
19:07:17 [0m[34m[INFO] [0mrecv_event;
19:07:18 [0m[34m[INFO] [0mrecv;
19:07:18 [0m[34m[INFO] [0mdo_heartbeat;
19:07:18 [0m[34m[INFO] [0mrecv_event;
19:07:18 [0m[34m[INFO] [0mrecv;
19:07:18 [0m[34m[INFO] [0mdo_heartbeat;
19:07:18 [0m[34m[INFO] [0mrecv_event;
19:07:19 [0m[34m[INFO] [0mrecv;
19:07:19 [0m[34m[INFO] [0mdo_heartbeat;
19:07:19 [0m[34m[INFO] [0mrecv_event;
19:07:19 [0m[34m[INFO] [0mrecv;
19:07:19 [0m[34m[INFO] [0mdo_heartbeat;
19:07:19 [0m[34m[INFO] [0mrecv_event;
19:07:20 [0m[34m[INFO] [0mrecv;
19:07:20 [0m[34m[INFO] [0mdo_heartbeat;
19:07:20 [0m[34m[INFO] [0mrecv_event;
19:07:20 [0m[34m[INFO] [0mrecv;
19:07:20 [0m[34m[INFO] [0mdo_heartbeat;
19:07:20 [0m[34m[INFO] [0mrecv_event;
19:07:21 [0m[34m[INFO] [0mrecv;
19:07:21 [0m[34m[INFO] [0mdo_heartbeat;
19:07:21 [0m[34m[INFO] [0mrecv_event;
19:07:21 [0m[34m[INFO] [0mrecv;
19:07:21 [0m[34m[INFO] [0mdo_heartbeat;
19:07:21 [0m[34m[INFO] [0mrecv_event;
19:07:22 [0m[34m[INFO] [0mrecv;
19:07:22 [0m[34m[INFO] [0mdo_heartbeat;
19:07:22 [0m[34m[INFO] [0mrecv_event;
19:07:22 [0m[34m[INFO] [0mrecv;
19:07:22 [0m[34m[INFO] [0mdo_heartbeat;
19:07:22 [0m[34m[INFO] [0mrecv_event;
19:07:23 [0m[34m[INFO] [0mrecv;
19:07:23 [0m[34m[INFO] [0mdo_heartbeat;
19:07:23 [0m[34m[INFO] [0mrecv_event;
19:07:23 [0m[34m[INFO] [0mrecv;
19:07:23 [0m[34m[INFO] [0mdo_heartbeat;
19:07:23 [0m[34m[INFO] [0mrecv_event;
19:07:24 [0m[34m[INFO] [0mrecv;
19:07:24 [0m[34m[INFO] [0mdo_heartbeat;
19:07:24 [0m[34m[INFO] [0mrecv_event;
19:07:24 [0m[34m[INFO] [0mrecv;
19:07:24 [0m[34m[INFO] [0mdo_heartbeat;
19:07:24 [0m[34m[INFO] [0mrecv_event;
19:07:25 [0m[34m[INFO] [0mrecv;
19:07:25 [0m[34m[INFO] [0mdo_heartbeat;
19:07:25 [0m[34m[INFO] [0mrecv_event;
19:07:25 [0m[34m[INFO] [0mrecv;
19:07:25 [0m[34m[INFO] [0mdo_heartbeat;
19:07:25 [0m[34m[INFO] [0mrecv_event;
19:07:26 [0m[34m[INFO] [0mrecv;
19:07:26 [0m[34m[INFO] [0mdo_heartbeat;
19:07:26 [0m[34m[INFO] [0mrecv_event;
19:07:26 [0m[34m[INFO] [0mrecv;
19:07:26 [0m[34m[INFO] [0mdo_heartbeat;
19:07:26 [0m[34m[INFO] [0mrecv_event;
19:07:27 [0m[34m[INFO] [0mrecv;
19:07:27 [0m[34m[INFO] [0mdo_heartbeat;
19:07:27 [0m[34m[INFO] [0mrecv_event;
19:07:27 [0m[34m[INFO] [0mrecv;
19:07:27 [0m[34m[INFO] [0mdo_heartbeat;
19:07:27 [0m[34m[INFO] [0mrecv_event;
19:07:28 [0m[34m[INFO] [0mrecv;
19:07:28 [0m[34m[INFO] [0mdo_heartbeat;
19:07:28 [0m[34m[INFO] [0mrecv_event;
19:07:28 [0m[34m[INFO] [0mrecv;
19:07:28 [0m[34m[INFO] [0mdo_heartbeat;
19:07:28 [0m[34m[INFO] [0mrecv_event;
19:07:29 [0m[34m[INFO] [0mrecv;
19:07:29 [0m[34m[INFO] [0mdo_heartbeat;
19:07:29 [0m[34m[INFO] [0mrecv_event;
19:07:29 [0m[34m[INFO] [0mrecv;
19:07:29 [0m[34m[INFO] [0mdo_heartbeat;
19:07:29 [0m[34m[INFO] [0mrecv_event;
19:07:30 [0m[34m[INFO] [0mrecv;
19:07:30 [0m[34m[INFO] [0mdo_heartbeat;
19:07:30 [0m[34m[INFO] [0mrecv_event;
19:07:30 [0m[34m[INFO] [0mrecv;
19:07:30 [0m[34m[INFO] [0mdo_heartbeat;
19:07:30 [0m[34m[INFO] [0mrecv_event;
19:07:31 [0m[34m[INFO] [0mrecv;
19:07:31 [0m[34m[INFO] [0mdo_heartbeat;
19:07:31 [0m[34m[INFO] [0mrecv_event;
19:07:31 [0m[34m[INFO] [0mrecv;
19:07:31 [0m[34m[INFO] [0mdo_heartbeat;
19:07:31 [0m[34m[INFO] [0mrecv_event;
19:07:32 [0m[34m[INFO] [0mrecv;
19:07:32 [0m[34m[INFO] [0mdo_heartbeat;
19:07:32 [0m[34m[INFO] [0mrecv_event;
19:07:32 [0m[34m[INFO] [0mrecv;
19:07:32 [0m[34m[INFO] [0mdo_heartbeat;
19:07:32 [0m[34m[INFO] [0mrecv_event;
19:07:33 [0m[34m[INFO] [0mrecv;
19:07:33 [0m[34m[INFO] [0mdo_heartbeat;
19:07:33 [0m[34m[INFO] [0mrecv_event;
19:07:33 [0m[34m[INFO] [0mrecv;
19:07:33 [0m[34m[INFO] [0mdo_heartbeat;
19:07:33 [0m[34m[INFO] [0mrecv_event;
19:07:34 [0m[34m[INFO] [0mrecv;
19:07:34 [0m[34m[INFO] [0mdo_heartbeat;
19:07:34 [0m[34m[INFO] [0mrecv_event;
19:07:34 [0m[34m[INFO] [0mrecv;
19:07:34 [0m[34m[INFO] [0mdo_heartbeat;
19:07:34 [0m[34m[INFO] [0mrecv_event;
19:07:35 [0m[34m[INFO] [0mrecv;
19:07:35 [0m[34m[INFO] [0mdo_heartbeat;
19:07:35 [0m[34m[INFO] [0mrecv_event;
19:07:35 [0m[34m[INFO] [0mrecv;
19:07:35 [0m[34m[INFO] [0mdo_heartbeat;
19:07:35 [0m[34m[INFO] [0mrecv_event;
19:07:36 [0m[34m[INFO] [0mrecv;
19:07:36 [0m[34m[INFO] [0mdo_heartbeat;
19:07:36 [0m[34m[INFO] [0mrecv_event;
19:07:36 [0m[34m[INFO] [0mrecv;
19:07:36 [0m[34m[INFO] [0mdo_heartbeat;
19:07:36 [0m[34m[INFO] [0mrecv_event;
19:07:37 [0m[34m[INFO] [0mrecv;
19:07:37 [0m[34m[INFO] [0mdo_heartbeat;
19:07:37 [0m[34m[INFO] [0mrecv_event;
19:07:37 [0m[34m[INFO] [0mrecv;
19:07:37 [0m[34m[INFO] [0mdo_heartbeat;
19:07:37 [0m[34m[INFO] [0mrecv_event;
19:07:38 [0m[34m[INFO] [0mrecv;
19:07:38 [0m[34m[INFO] [0mdo_heartbeat;
19:07:38 [0m[34m[INFO] [0mrecv_event;
19:07:38 [0m[34m[INFO] [0mrecv;
19:07:38 [0m[34m[INFO] [0mdo_heartbeat;
19:07:38 [0m[34m[INFO] [0mrecv_event;
19:07:39 [0m[34m[INFO] [0mrecv;
19:07:39 [0m[34m[INFO] [0mdo_heartbeat;
19:07:39 [0m[34m[INFO] [0mrecv_event;
19:07:39 [0m[34m[INFO] [0mrecv;
19:07:39 [0m[34m[INFO] [0mdo_heartbeat;
19:07:39 [0m[34m[INFO] [0mrecv_event;
19:07:40 [0m[34m[INFO] [0mrecv;
19:07:40 [0m[34m[INFO] [0mdo_heartbeat;
19:07:40 [0m[34m[INFO] [0mrecv_event;
19:07:40 [0m[34m[INFO] [0mrecv;
19:07:40 [0m[34m[INFO] [0mdo_heartbeat;
19:07:40 [0m[34m[INFO] [0mrecv_event;
19:07:41 [0m[34m[INFO] [0mrecv;
19:07:41 [0m[34m[INFO] [0mdo_heartbeat;
19:07:41 [0m[34m[INFO] [0mrecv_event;
19:07:41 [0m[34m[INFO] [0mrecv;
19:07:41 [0m[34m[INFO] [0mdo_heartbeat;
19:07:41 [0m[34m[INFO] [0mrecv_event;
19:07:42 [0m[34m[INFO] [0mrecv;
19:07:42 [0m[34m[INFO] [0mdo_heartbeat;
19:07:42 [0m[34m[INFO] [0mrecv_event;
19:07:42 [0m[34m[INFO] [0mrecv;
19:07:42 [0m[34m[INFO] [0mdo_heartbeat;
19:07:42 [0m[34m[INFO] [0mrecv_event;
19:07:43 [0m[34m[INFO] [0mrecv;
19:07:43 [0m[34m[INFO] [0mdo_heartbeat;
19:07:43 [0m[34m[INFO] [0mrecv_event;
19:07:43 [0m[34m[INFO] [0mrecv;
19:07:43 [0m[34m[INFO] [0mdo_heartbeat;
19:07:43 [0m[34m[INFO] [0mrecv_event;
19:07:44 [0m[34m[INFO] [0mrecv;
19:07:44 [0m[34m[INFO] [0mdo_heartbeat;
19:07:44 [0m[34m[INFO] [0mheartbeat;
19:07:44 [0m[34m[INFO] [0msend_heartbeat; shard_info=ShardInfo { id: ShardId(0), total: 1 } seq=Some(1)
19:07:44 [0m[34m[INFO] [0mrecv_event;
19:07:44 [0m[34m[INFO] [0mhandle_event; event=Ok(HeartbeatAck)
19:07:44 [0m[34m[INFO] [0mupdate_manager;
19:07:44 [0m[34m[INFO] [0mlatency;
19:07:44 [0m[34m[INFO] [0mrecv;
19:07:44 [0m[34m[INFO] [0mdo_heartbeat;
19:07:44 [0m[34m[INFO] [0mrecv_event;
19:07:44 [0m[34m[INFO] [0mrecv;
19:07:44 [0m[34m[INFO] [0mdo_heartbeat;
19:07:44 [0m[34m[INFO] [0mrecv_event;
19:07:45 [0m[34m[INFO] [0mrecv;
19:07:45 [0m[34m[INFO] [0mdo_heartbeat;
19:07:45 [0m[34m[INFO] [0mrecv_event;
19:07:45 [0m[34m[INFO] [0mrecv;
19:07:45 [0m[34m[INFO] [0mdo_heartbeat;
19:07:45 [0m[34m[INFO] [0mrecv_event;
19:07:46 [0m[34m[INFO] [0mrecv;
19:07:46 [0m[34m[INFO] [0mdo_heartbeat;
19:07:46 [0m[34m[INFO] [0mrecv_event;
19:07:46 [0m[34m[INFO] [0mrecv;
19:07:46 [0m[34m[INFO] [0mdo_heartbeat;
19:07:46 [0m[34m[INFO] [0mrecv_event;
19:07:47 [0m[34m[INFO] [0mrecv;
19:07:47 [0m[34m[INFO] [0mdo_heartbeat;
19:07:47 [0m[34m[INFO] [0mrecv_event;
19:07:47 [0m[34m[INFO] [0mrecv;
19:07:47 [0m[34m[INFO] [0mdo_heartbeat;
19:07:47 [0m[34m[INFO] [0mrecv_event;
19:07:48 [0m[34m[INFO] [0mrecv;
19:07:48 [0m[34m[INFO] [0mdo_heartbeat;
19:07:48 [0m[34m[INFO] [0mrecv_event;
19:07:48 [0m[34m[INFO] [0mrecv;
19:07:48 [0m[34m[INFO] [0mdo_heartbeat;
19:07:48 [0m[34m[INFO] [0mrecv_event;
19:07:49 [0m[34m[INFO] [0mrecv;
19:07:49 [0m[34m[INFO] [0mdo_heartbeat;
19:07:49 [0m[34m[INFO] [0mrecv_event;
19:07:49 [0m[34m[INFO] [0mrecv;
19:07:49 [0m[34m[INFO] [0mdo_heartbeat;
19:07:49 [0m[34m[INFO] [0mrecv_event;
19:07:50 [0m[34m[INFO] [0mrecv;
19:07:50 [0m[34m[INFO] [0mdo_heartbeat;
19:07:50 [0m[34m[INFO] [0mrecv_event;
19:07:50 [0m[34m[INFO] [0mrecv;
19:07:50 [0m[34m[INFO] [0mdo_heartbeat;
19:07:50 [0m[34m[INFO] [0mrecv_event;
19:07:51 [0m[34m[INFO] [0mrecv;
19:07:51 [0m[34m[INFO] [0mdo_heartbeat;
19:07:51 [0m[34m[INFO] [0mrecv_event;
19:07:51 [0m[34m[INFO] [0mrecv;
19:07:51 [0m[34m[INFO] [0mdo_heartbeat;
19:07:51 [0m[34m[INFO] [0mrecv_event;
19:07:52 [0m[34m[INFO] [0mrecv;
19:07:52 [0m[34m[INFO] [0mdo_heartbeat;
19:07:52 [0m[34m[INFO] [0mrecv_event;
19:07:52 [0m[34m[INFO] [0mrecv;
19:07:52 [0m[34m[INFO] [0mdo_heartbeat;
19:07:52 [0m[34m[INFO] [0mrecv_event;
19:07:53 [0m[34m[INFO] [0mrecv;
19:07:53 [0m[34m[INFO] [0mdo_heartbeat;
19:07:53 [0m[34m[INFO] [0mrecv_event;
19:07:53 [0m[34m[INFO] [0mrecv;
19:07:53 [0m[34m[INFO] [0mdo_heartbeat;
19:07:53 [0m[34m[INFO] [0mrecv_event;
19:07:54 [0m[34m[INFO] [0mrecv;
19:07:54 [0m[34m[INFO] [0mdo_heartbeat;
19:07:54 [0m[34m[INFO] [0mrecv_event;
19:07:54 [0m[34m[INFO] [0mrecv;
19:07:54 [0m[34m[INFO] [0mdo_heartbeat;
19:07:54 [0m[34m[INFO] [0mrecv_event;
19:07:55 [0m[34m[INFO] [0mrecv;
19:07:55 [0m[34m[INFO] [0mdo_heartbeat;
19:07:55 [0m[34m[INFO] [0mrecv_event;
19:07:55 [0m[34m[INFO] [0mrecv;
19:07:55 [0m[34m[INFO] [0mdo_heartbeat;
19:07:55 [0m[34m[INFO] [0mrecv_event;
19:07:56 [0m[34m[INFO] [0mrecv;
19:07:56 [0m[34m[INFO] [0mdo_heartbeat;
19:07:56 [0m[34m[INFO] [0mrecv_event;
19:07:56 [0m[34m[INFO] [0mrecv;
19:07:56 [0m[34m[INFO] [0mdo_heartbeat;
19:07:56 [0m[34m[INFO] [0mrecv_event;
19:07:57 [0m[34m[INFO] [0mrecv;
19:07:57 [0m[34m[INFO] [0mdo_heartbeat;
19:07:57 [0m[34m[INFO] [0mrecv_event;
19:07:57 [0m[34m[INFO] [0mrecv;
19:07:57 [0m[34m[INFO] [0mdo_heartbeat;
19:07:57 [0m[34m[INFO] [0mrecv_event;
19:07:58 [0m[34m[INFO] [0mrecv;
19:07:58 [0m[34m[INFO] [0mdo_heartbeat;
19:07:58 [0m[34m[INFO] [0mrecv_event;
19:07:58 [0m[34m[INFO] [0mrecv;
19:07:58 [0m[34m[INFO] [0mdo_heartbeat;
19:07:58 [0m[34m[INFO] [0mrecv_event;
19:07:59 [0m[34m[INFO] [0mrecv;
19:07:59 [0m[34m[INFO] [0mdo_heartbeat;
19:07:59 [0m[34m[INFO] [0mrecv_event;
19:07:59 [0m[34m[INFO] [0mrecv;
19:07:59 [0m[34m[INFO] [0mdo_heartbeat;
19:07:59 [0m[34m[INFO] [0mrecv_event;
19:08:00 [0m[34m[INFO] [0mrecv;
19:08:00 [0m[34m[INFO] [0mdo_heartbeat;
19:08:00 [0m[34m[INFO] [0mrecv_event;
19:08:00 [0m[34m[INFO] [0mrecv;
19:08:00 [0m[34m[INFO] [0mdo_heartbeat;
19:08:00 [0m[34m[INFO] [0mrecv_event;
19:08:01 [0m[34m[INFO] [0mrecv;
19:08:01 [0m[34m[INFO] [0mdo_heartbeat;
19:08:01 [0m[34m[INFO] [0mrecv_event;
19:08:01 [0m[34m[INFO] [0mrecv;
19:08:01 [0m[34m[INFO] [0mdo_heartbeat;
19:08:01 [0m[34m[INFO] [0mrecv_event;
19:08:02 [0m[34m[INFO] [0mrecv;
19:08:02 [0m[34m[INFO] [0mdo_heartbeat;
19:08:02 [0m[34m[INFO] [0mrecv_event;
19:08:02 [0m[34m[INFO] [0mrecv;
19:08:02 [0m[34m[INFO] [0mdo_heartbeat;
19:08:02 [0m[34m[INFO] [0mrecv_event;
19:08:03 [0m[34m[INFO] [0mrecv;
19:08:03 [0m[34m[INFO] [0mdo_heartbeat;
19:08:03 [0m[34m[INFO] [0mrecv_event;
19:08:03 [0m[34m[INFO] [0mrecv;
19:08:03 [0m[34m[INFO] [0mdo_heartbeat;
19:08:03 [0m[34m[INFO] [0mrecv_event;
19:08:04 [0m[34m[INFO] [0mrecv;
19:08:04 [0m[34m[INFO] [0mdo_heartbeat;
19:08:04 [0m[34m[INFO] [0mrecv_event;
19:08:04 [0m[34m[INFO] [0mrecv;
19:08:04 [0m[34m[INFO] [0mdo_heartbeat;
19:08:04 [0m[34m[INFO] [0mrecv_event;
19:08:05 [0m[34m[INFO] [0mrecv;
19:08:05 [0m[34m[INFO] [0mdo_heartbeat;
19:08:05 [0m[34m[INFO] [0mrecv_event;
19:08:05 [0m[34m[INFO] [0mrecv;
19:08:05 [0m[34m[INFO] [0mdo_heartbeat;
19:08:05 [0m[34m[INFO] [0mrecv_event;
19:08:06 [0m[34m[INFO] [0mrecv;
19:08:06 [0m[34m[INFO] [0mdo_heartbeat;
19:08:06 [0m[34m[INFO] [0mrecv_event;
19:08:06 [0m[34m[INFO] [0mrecv;
19:08:06 [0m[34m[INFO] [0mdo_heartbeat;
19:08:06 [0m[34m[INFO] [0mrecv_event;
19:08:07 [0m[34m[INFO] [0mrecv;
19:08:07 [0m[34m[INFO] [0mdo_heartbeat;
19:08:07 [0m[34m[INFO] [0mrecv_event;
19:08:07 [0m[34m[INFO] [0mrecv;
19:08:07 [0m[34m[INFO] [0mdo_heartbeat;
19:08:07 [0m[34m[INFO] [0mrecv_event;
19:08:08 [0m[34m[INFO] [0mrecv;
19:08:08 [0m[34m[INFO] [0mdo_heartbeat;
19:08:08 [0m[34m[INFO] [0mrecv_event;
19:08:08 [0m[34m[INFO] [0mrecv;
19:08:08 [0m[34m[INFO] [0mdo_heartbeat;
19:08:08 [0m[34m[INFO] [0mrecv_event;
19:08:09 [0m[34m[INFO] [0mrecv;
19:08:09 [0m[34m[INFO] [0mdo_heartbeat;
19:08:09 [0m[34m[INFO] [0mrecv_event;
19:08:09 [0m[34m[INFO] [0mrecv;
19:08:09 [0m[34m[INFO] [0mdo_heartbeat;
19:08:09 [0m[34m[INFO] [0mrecv_event;
19:08:10 [0m[34m[INFO] [0mrecv;
19:08:10 [0m[34m[INFO] [0mdo_heartbeat;
19:08:10 [0m[34m[INFO] [0mrecv_event;
19:08:10 [0m[34m[INFO] [0mrecv;
19:08:10 [0m[34m[INFO] [0mdo_heartbeat;
19:08:10 [0m[34m[INFO] [0mrecv_event;
19:08:11 [0m[34m[INFO] [0mrecv;
19:08:11 [0m[34m[INFO] [0mdo_heartbeat;
19:08:11 [0m[34m[INFO] [0mrecv_event;
19:08:11 [0m[34m[INFO] [0mrecv;
19:08:11 [0m[34m[INFO] [0mdo_heartbeat;
19:08:11 [0m[34m[INFO] [0mrecv_event;
19:08:12 [0m[34m[INFO] [0mrecv;
19:08:12 [0m[34m[INFO] [0mdo_heartbeat;
19:08:12 [0m[34m[INFO] [0mrecv_event;
19:08:12 [0m[34m[INFO] [0mrecv;
19:08:12 [0m[34m[INFO] [0mdo_heartbeat;
19:08:12 [0m[34m[INFO] [0mrecv_event;
19:08:13 [0m[34m[INFO] [0mrecv;
19:08:13 [0m[34m[INFO] [0mdo_heartbeat;
19:08:13 [0m[34m[INFO] [0mrecv_event;
19:08:13 [0m[34m[INFO] [0mrecv;
19:08:13 [0m[34m[INFO] [0mdo_heartbeat;
19:08:13 [0m[34m[INFO] [0mrecv_event;
19:08:14 [0m[34m[INFO] [0mrecv;
19:08:14 [0m[34m[INFO] [0mdo_heartbeat;
19:08:14 [0m[34m[INFO] [0mrecv_event;
19:08:14 [0m[34m[INFO] [0mrecv;
19:08:14 [0m[34m[INFO] [0mdo_heartbeat;
19:08:14 [0m[34m[INFO] [0mrecv_event;
19:08:15 [0m[34m[INFO] [0mrecv;
19:08:15 [0m[34m[INFO] [0mdo_heartbeat;
19:08:15 [0m[34m[INFO] [0mrecv_event;
19:08:15 [0m[34m[INFO] [0mrecv;
19:08:15 [0m[34m[INFO] [0mdo_heartbeat;
19:08:15 [0m[34m[INFO] [0mrecv_event;
19:08:16 [0m[34m[INFO] [0mrecv;
19:08:16 [0m[34m[INFO] [0mdo_heartbeat;
19:08:16 [0m[34m[INFO] [0mrecv_event;
19:08:16 [0m[34m[INFO] [0mrecv;
19:08:16 [0m[34m[INFO] [0mdo_heartbeat;
19:08:16 [0m[34m[INFO] [0mrecv_event;
19:08:17 [0m[34m[INFO] [0mrecv;
19:08:17 [0m[34m[INFO] [0mdo_heartbeat;
19:08:17 [0m[34m[INFO] [0mrecv_event;
19:08:17 [0m[34m[INFO] [0mrecv;
19:08:17 [0m[34m[INFO] [0mdo_heartbeat;
19:08:17 [0m[34m[INFO] [0mrecv_event;
19:08:18 [0m[34m[INFO] [0mrecv;
19:08:18 [0m[34m[INFO] [0mdo_heartbeat;
19:08:18 [0m[34m[INFO] [0mrecv_event;
19:08:18 [0m[34m[INFO] [0mrecv;
19:08:18 [0m[34m[INFO] [0mdo_heartbeat;
19:08:18 [0m[34m[INFO] [0mrecv_event;
19:08:19 [0m[34m[INFO] [0mrecv;
19:08:19 [0m[34m[INFO] [0mdo_heartbeat;
19:08:19 [0m[34m[INFO] [0mrecv_event;
19:08:19 [0m[34m[INFO] [0mrecv;
19:08:19 [0m[34m[INFO] [0mdo_heartbeat;
19:08:19 [0m[34m[INFO] [0mrecv_event;
19:08:20 [0m[34m[INFO] [0mrecv;
19:08:20 [0m[34m[INFO] [0mdo_heartbeat;
19:08:20 [0m[34m[INFO] [0mrecv_event;
19:08:21 [0m[34m[INFO] [0mrecv;
19:08:21 [0m[34m[INFO] [0mdo_heartbeat;
19:08:21 [0m[34m[INFO] [0mrecv_event;
19:08:21 [0m[34m[INFO] [0mrecv;
19:08:21 [0m[34m[INFO] [0mdo_heartbeat;
19:08:21 [0m[34m[INFO] [0mrecv_event;
19:08:22 [0m[34m[INFO] [0mrecv;
19:08:22 [0m[34m[INFO] [0mdo_heartbeat;
19:08:22 [0m[34m[INFO] [0mrecv_event;
19:08:22 [0m[34m[INFO] [0mrecv;
19:08:22 [0m[34m[INFO] [0mdo_heartbeat;
19:08:22 [0m[34m[INFO] [0mrecv_event;
19:08:23 [0m[34m[INFO] [0mrecv;
19:08:23 [0m[34m[INFO] [0mdo_heartbeat;
19:08:23 [0m[34m[INFO] [0mrecv_event;
19:08:23 [0m[34m[INFO] [0mrecv;
19:08:23 [0m[34m[INFO] [0mdo_heartbeat;
19:08:23 [0m[34m[INFO] [0mrecv_event;
19:08:24 [0m[34m[INFO] [0mrecv;
19:08:24 [0m[34m[INFO] [0mdo_heartbeat;
19:08:24 [0m[34m[INFO] [0mrecv_event;
19:08:24 [0m[34m[INFO] [0mrecv;
19:08:24 [0m[34m[INFO] [0mdo_heartbeat;
19:08:24 [0m[34m[INFO] [0mrecv_event;
19:08:25 [0m[34m[INFO] [0mrecv;
19:08:25 [0m[34m[INFO] [0mdo_heartbeat;
19:08:25 [0m[34m[INFO] [0mrecv_event;
19:08:25 [0m[34m[INFO] [0mrecv;
19:08:25 [0m[34m[INFO] [0mdo_heartbeat;
19:08:25 [0m[34m[INFO] [0mheartbeat;
19:08:25 [0m[34m[INFO] [0msend_heartbeat; shard_info=ShardInfo { id: ShardId(0), total: 1 } seq=Some(1)
19:08:25 [0m[34m[INFO] [0mrecv_event;
19:08:25 [0m[34m[INFO] [0mhandle_event; event=Ok(HeartbeatAck)
19:08:25 [0m[34m[INFO] [0mupdate_manager;
19:08:25 [0m[34m[INFO] [0mlatency;
19:08:25 [0m[34m[INFO] [0mrecv;
19:08:25 [0m[34m[INFO] [0mdo_heartbeat;
19:08:25 [0m[34m[INFO] [0mrecv_event;
19:08:26 [0m[34m[INFO] [0mrecv;
19:08:26 [0m[34m[INFO] [0mdo_heartbeat;
19:08:26 [0m[34m[INFO] [0mrecv_event;
19:08:26 [0m[34m[INFO] [0mrecv;
19:08:26 [0m[34m[INFO] [0mdo_heartbeat;
19:08:26 [0m[34m[INFO] [0mrecv_event;
19:08:27 [0m[34m[INFO] [0mrecv;
19:08:27 [0m[34m[INFO] [0mdo_heartbeat;
19:08:27 [0m[34m[INFO] [0mrecv_event;
19:08:27 [0m[34m[INFO] [0mrecv;
19:08:27 [0m[34m[INFO] [0mdo_heartbeat;
19:08:27 [0m[34m[INFO] [0mrecv_event;
19:08:28 [0m[34m[INFO] [0mrecv;
19:08:28 [0m[34m[INFO] [0mdo_heartbeat;
19:08:28 [0m[34m[INFO] [0mrecv_event;
19:08:28 [0m[34m[INFO] [0mrecv;
19:08:28 [0m[34m[INFO] [0mdo_heartbeat;
19:08:28 [0m[34m[INFO] [0mrecv_event;
19:08:29 [0m[34m[INFO] [0mrecv;
19:08:29 [0m[34m[INFO] [0mdo_heartbeat;
19:08:29 [0m[34m[INFO] [0mrecv_event;
19:08:29 [0m[34m[INFO] [0mrecv;
19:08:29 [0m[34m[INFO] [0mdo_heartbeat;
19:08:29 [0m[34m[INFO] [0mrecv_event;
19:08:30 [0m[34m[INFO] [0mrecv;
19:08:30 [0m[34m[INFO] [0mdo_heartbeat;
19:08:30 [0m[34m[INFO] [0mrecv_event;
19:08:30 [0m[34m[INFO] [0mrecv;
19:08:30 [0m[34m[INFO] [0mdo_heartbeat;
19:08:30 [0m[34m[INFO] [0mrecv_event;
19:08:31 [0m[34m[INFO] [0mrecv;
19:08:31 [0m[34m[INFO] [0mdo_heartbeat;
19:08:31 [0m[34m[INFO] [0mrecv_event;
19:08:31 [0m[34m[INFO] [0mrecv;
19:08:31 [0m[34m[INFO] [0mdo_heartbeat;
19:08:31 [0m[34m[INFO] [0mrecv_event;
19:08:32 [0m[34m[INFO] [0mrecv;
19:08:32 [0m[34m[INFO] [0mdo_heartbeat;
19:08:32 [0m[34m[INFO] [0mrecv_event;
19:08:32 [0m[34m[INFO] [0mrecv;
19:08:32 [0m[34m[INFO] [0mdo_heartbeat;
19:08:32 [0m[34m[INFO] [0mrecv_event;
19:08:33 [0m[34m[INFO] [0mrecv;
19:08:33 [0m[34m[INFO] [0mdo_heartbeat;
19:08:33 [0m[34m[INFO] [0mrecv_event;
19:08:33 [0m[34m[INFO] [0mrecv;
19:08:33 [0m[34m[INFO] [0mdo_heartbeat;
19:08:33 [0m[34m[INFO] [0mrecv_event;
